[  440.0s] candles_15m              27867377 rows  05976af22c4e69e4  (440.0s)
[  440.0s] corp_actions                 4296 rows  847124195b218911  (0.0s)
[  440.0s] corrections                  2336 rows  14d3179f166f4434  (0.0s)
[  449.7s] daily_bars                 576276 rows  ae2b976a3c213cc6  (9.6s)
[  449.7s] frozen_code                    47 rows  ac00877d33cf580c  (0.0s)
[  450.5s] frozen_histories              495 rows  e57ac3dce6f242ed  (0.9s)
[  450.5s] ingest_runs                   155 rows  3cb64f484fed47a4  (0.0s)
[  450.6s] instrument_labels            1567 rows  44065a18ee539fc0  (0.0s)
[  450.6s] meta                            6 rows  4d18d02b4f84393f  (0.0s)
[  452.1s] quality_findings           108783 rows  5da07f294b7efaf2  (1.5s)
[  452.1s] quarantine                      7 rows  c72b6a7f00e6498b  (0.0s)
[  452.3s] raw_archive                  6344 rows  b08539264c32dd1d  (0.2s)
[  453.8s] raw_archive_payloads         6344 rows  2021a47934e1715d  (1.5s)
[  454.1s] research_files                 15 rows  876afdd15f0f7137  (0.3s)
[  454.1s] seed_progress                 501 rows  0ae305434666e536  (0.0s)
[  454.1s] session_regimes               208 rows  c198786af80e3507  (0.0s)
[  454.1s] snapshot_exclusions             4 rows  cc64bdeaa047ea5d  (0.0s)
[  640.2s] snapshot_members         27867377 rows  29ea6d8a445f3b82  (186.0s)
[  640.2s] snapshots                       1 rows  1d6c5e317030e520  (0.0s)
[  640.3s] manifest written; archive = 9.00 GB
